Archive member included because of file (symbol)

c:/program files (x86)/gnu tools arm embedded/4.6 2012q4/bin/../lib/gcc/arm-none-eabi/4.6.2/armv7e-m\libgcc.a(_arm_addsubdf3.o)
                              ../Libraries/STM32F4-Discovery/src/stm32f4_discovery_lcd.o (__aeabi_ui2d)
c:/program files (x86)/gnu tools arm embedded/4.6 2012q4/bin/../lib/gcc/arm-none-eabi/4.6.2/armv7e-m\libgcc.a(_arm_cmpdf2.o)
                              ../Libraries/STM32F4-Discovery/src/stm32f4_discovery_lcd.o (__aeabi_dcmplt)
c:/program files (x86)/gnu tools arm embedded/4.6 2012q4/bin/../lib/gcc/arm-none-eabi/4.6.2/../../../../arm-none-eabi/lib/armv7e-m\libg.a(lib_a-memcpy.o)
                              main.o (memcpy)
c:/program files (x86)/gnu tools arm embedded/4.6 2012q4/bin/../lib/gcc/arm-none-eabi/4.6.2/../../../../arm-none-eabi/lib/armv7e-m\libg.a(lib_a-memmove.o)
                              main.o (memmove)

Allocating common symbols
Common symbol       size              file

DmaFrame            0x280             main.o
Frame               0x9600            main.o
lcdFrame_2          0x15802           main.o
x_0                 0x2               main.o
TimingDelay         0x4               main.o
ITM_RxBuffer        0x4               main.o
pulStack            0x400             startup.o
frame               0xa00             main.o
TS_State            0xa               ../Libraries/STM32F4-Discovery/src/stmpe811qtr.o
y_0                 0x2               main.o
RCC_Clocks          0x10              main.o

Memory Configuration

Name             Origin             Length             Attributes
FLASH            0x08000000         0x00100000         xr
SRAM             0x20000000         0x00020000         xrw
CCMRAM           0x10000000         0x00010000         xrw
*default*        0x00000000         0xffffffff

Linker script and memory map

LOAD main.o
LOAD startup.o
LOAD BaseImage.o
LOAD circle.o
LOAD buttonRedPressed.o
LOAD buttonRedUnpressed.o
LOAD buttonGreenPressed.o
LOAD buttonGreenUnpressed.o
LOAD buttonBluePressed.o
LOAD buttonBlueUnpressed.o
LOAD buttonLumPressed.o
LOAD buttonLumUnpressed.o
LOAD ../Libraries/CMSIS/ST/STM32F4xx/Source/Templates/system_stm32f4xx.o
LOAD ../Libraries/STM32F4xx_StdPeriph_Driver/src/misc.o
LOAD ../Libraries/STM32F4xx_StdPeriph_Driver/src/stm32f4xx_rcc.o
LOAD ../Libraries/STM32F4xx_StdPeriph_Driver/src/stm32f4xx_gpio.o
LOAD ../Libraries/STM32F4xx_StdPeriph_Driver/src/stm32f4xx_fsmc.o
LOAD ../Libraries/STM32F4xx_StdPeriph_Driver/src/stm32f4xx_dcmi.o
LOAD ../Libraries/STM32F4xx_StdPeriph_Driver/src/stm32f4xx_i2c.o
LOAD ../Libraries/STM32F4xx_StdPeriph_Driver/src/stm32f4xx_dma.o
LOAD ../Libraries/STM32F4xx_StdPeriph_Driver/src/stm32f4xx_iwdg.o
LOAD ../Libraries/STM32F4xx_StdPeriph_Driver/src/stm32f4xx_spi.o
LOAD ../Libraries/STM32F4-Discovery/src/stm32f4_discovery_lcd.o
LOAD ../Libraries/STM32F4-Discovery/src/fonts.o
LOAD ../Libraries/STM32F4-Discovery/src/dcmi_ov9655.o
LOAD ../Libraries/STM32F4-Discovery/src/stmpe811qtr.o
LOAD ../Libraries/STM32F4-Discovery/src/stm32f4_discovery_lis302dl.o
START GROUP
LOAD c:/program files (x86)/gnu tools arm embedded/4.6 2012q4/bin/../lib/gcc/arm-none-eabi/4.6.2/armv7e-m\libgcc.a
LOAD c:/program files (x86)/gnu tools arm embedded/4.6 2012q4/bin/../lib/gcc/arm-none-eabi/4.6.2/../../../../arm-none-eabi/lib/armv7e-m\libg.a
LOAD c:/program files (x86)/gnu tools arm embedded/4.6 2012q4/bin/../lib/gcc/arm-none-eabi/4.6.2/../../../../arm-none-eabi/lib/armv7e-m\libc.a
END GROUP

.text           0x08000000    0x4db48
 *(.isr_vector)
 .isr_vector    0x08000000      0x188 startup.o
                0x08000000                g_pfnVectors
 *(.text*)
 .text          0x08000188     0x10f0 main.o
                0x08000188                FIFO_GetNextData
                0x080001bc                DCMI_Config
                0x08000390                DCMI_OV9655Config
                0x080003e8                DMA2_Stream1_Handler
                0x08000558                FRAME_DmaToLcd
                0x080005c0                FRAME_DrawLine
                0x080006a0                FRAME_DrawGraph
                0x08000744                FRAME_RestoreArea
                0x080007cc                DMA_LCD_Config
                0x08000870                DMA2_Stream3_IRQHandler
                0x08000950                FRAME_ImageToLcdBuffer
                0x08000a58                LIS302DL_Reset
                0x08000ac4                main
 .text          0x08001278       0xd4 startup.o
                0x080012b0                ResetISR
                0x0800131c                Delay
                0x08001330                ResetTickCount
                0x08001340                GetTickCount
 .text          0x0800134c        0x0 BaseImage.o
 .text          0x0800134c        0x0 circle.o
 .text          0x0800134c        0x0 buttonRedPressed.o
 .text          0x0800134c        0x0 buttonRedUnpressed.o
 .text          0x0800134c        0x0 buttonGreenPressed.o
 .text          0x0800134c        0x0 buttonGreenUnpressed.o
 .text          0x0800134c        0x0 buttonBluePressed.o
 .text          0x0800134c        0x0 buttonBlueUnpressed.o
 .text          0x0800134c        0x0 buttonLumPressed.o
 .text          0x0800134c        0x0 buttonLumUnpressed.o
 .text          0x0800134c      0x248 ../Libraries/CMSIS/ST/STM32F4xx/Source/Templates/system_stm32f4xx.o
                0x0800134c                SystemInit
                0x080014b8                SystemCoreClockUpdate
 .text          0x08001594       0xf4 ../Libraries/STM32F4xx_StdPeriph_Driver/src/misc.o
                0x08001594                NVIC_PriorityGroupConfig
                0x080015a8                NVIC_Init
                0x08001630                NVIC_SetVectorTable
                0x08001648                NVIC_SystemLPConfig
                0x0800166c                SysTick_CLKSourceConfig
 .text          0x08001688      0x5c8 ../Libraries/STM32F4xx_StdPeriph_Driver/src/stm32f4xx_rcc.o
                0x08001688                RCC_DeInit
                0x080016c0                RCC_HSEConfig
                0x080016d4                RCC_AdjustHSICalibrationValue
                0x080016ec                RCC_HSICmd
                0x080016f8                RCC_LSEConfig
                0x08001734                RCC_LSICmd
                0x08001740                RCC_PLLConfig
                0x08001764                RCC_PLLCmd
                0x08001770                RCC_PLLI2SConfig
                0x08001788                RCC_PLLI2SCmd
                0x08001794                RCC_ClockSecuritySystemCmd
                0x080017a0                RCC_MCO1Config
                0x080017b8                RCC_MCO2Config
                0x080017d0                RCC_SYSCLKConfig
                0x080017e4                RCC_GetSYSCLKSource
                0x080017f4                RCC_HCLKConfig
                0x08001808                RCC_PCLK1Config
                0x0800181c                RCC_PCLK2Config
                0x08001834                RCC_GetClocksFreq
                0x0800190c                RCC_RTCCLKConfig
                0x08001948                RCC_RTCCLKCmd
                0x08001954                RCC_BackupResetCmd
                0x08001960                RCC_I2SCLKConfig
                0x0800196c                RCC_AHB1PeriphClockCmd
                0x08001990                RCC_AHB2PeriphClockCmd
                0x080019b4                RCC_AHB3PeriphClockCmd
                0x080019d8                RCC_APB1PeriphClockCmd
                0x080019fc                RCC_APB2PeriphClockCmd
                0x08001a20                RCC_AHB1PeriphResetCmd
                0x08001a44                RCC_AHB2PeriphResetCmd
                0x08001a68                RCC_AHB3PeriphResetCmd
                0x08001a8c                RCC_APB1PeriphResetCmd
                0x08001ab0                RCC_APB2PeriphResetCmd
                0x08001ad4                RCC_AHB1PeriphClockLPModeCmd
                0x08001af8                RCC_AHB2PeriphClockLPModeCmd
                0x08001b1c                RCC_AHB3PeriphClockLPModeCmd
                0x08001b40                RCC_APB1PeriphClockLPModeCmd
                0x08001b64                RCC_APB2PeriphClockLPModeCmd
                0x08001b88                RCC_ITConfig
                0x08001bac                RCC_GetFlagStatus
                0x08001be0                RCC_WaitForHSEStartUp
                0x08001c1c                RCC_ClearFlag
                0x08001c30                RCC_GetITStatus
                0x08001c44                RCC_ClearITPendingBit
 .text          0x08001c50      0x2cc ../Libraries/STM32F4xx_StdPeriph_Driver/src/stm32f4xx_gpio.o
                0x08001c50                GPIO_DeInit
                0x08001da8                GPIO_Init
                0x08001e64                GPIO_StructInit
                0x08001e78                GPIO_PinLockConfig
                0x08001e9c                GPIO_ReadInputDataBit
                0x08001ea8                GPIO_ReadInputData
                0x08001eb0                GPIO_ReadOutputDataBit
                0x08001ebc                GPIO_ReadOutputData
                0x08001ec4                GPIO_SetBits
                0x08001ec8                GPIO_ResetBits
                0x08001ecc                GPIO_WriteBit
                0x08001ed8                GPIO_Write
                0x08001edc                GPIO_ToggleBits
                0x08001ee4                GPIO_PinAFConfig
 .text          0x08001f1c      0x510 ../Libraries/STM32F4xx_StdPeriph_Driver/src/stm32f4xx_fsmc.o
                0x08001f1c                FSMC_NORSRAMDeInit
                0x08001f54                FSMC_NORSRAMInit
                0x08002028                FSMC_NORSRAMStructInit
                0x08002098                FSMC_NORSRAMCmd
                0x080020c4                FSMC_NANDDeInit
                0x080020e8                FSMC_NANDInit
                0x08002150                FSMC_NANDStructInit
                0x0800218c                FSMC_NANDCmd
                0x080021c0                FSMC_NANDECCCmd
                0x080021f4                FSMC_GetECC
                0x08002210                FSMC_PCCARDDeInit
                0x08002230                FSMC_PCCARDInit
                0x080022a0                FSMC_PCCARDStructInit
                0x080022e0                FSMC_PCCARDCmd
                0x0800230c                FSMC_ITConfig
                0x08002368                FSMC_GetFlagStatus
                0x08002394                FSMC_ClearFlag
                0x080023c4                FSMC_GetITStatus
                0x080023fc                FSMC_ClearITPendingBit
 .text          0x0800242c      0x1ec ../Libraries/STM32F4xx_StdPeriph_Driver/src/stm32f4xx_dcmi.o
                0x0800242c                DCMI_DeInit
                0x0800244c                DCMI_Init
                0x08002490                DCMI_StructInit
                0x080024a4                DCMI_CROPConfig
                0x080024c4                DCMI_CROPCmd
                0x080024ec                DCMI_SetEmbeddedSynchroCodes
                0x08002510                DCMI_JPEGCmd
                0x08002538                DCMI_Cmd
                0x08002560                DCMI_CaptureCmd
                0x08002588                DCMI_ReadData
                0x08002594                DCMI_ITConfig
                0x080025bc                DCMI_GetFlagStatus
                0x080025ec                DCMI_ClearFlag
                0x080025f8                DCMI_GetITStatus
                0x0800260c                DCMI_ClearITPendingBit
 .text          0x08002618      0x4dc ../Libraries/STM32F4xx_StdPeriph_Driver/src/stm32f4xx_i2c.o
                0x08002618                I2C_DeInit
                0x0800268c                I2C_Init
                0x0800278c                I2C_StructInit
                0x080027ac                I2C_Cmd
                0x080027cc                I2C_GenerateSTART
                0x080027ec                I2C_GenerateSTOP
                0x0800280c                I2C_Send7bitAddress
                0x0800281c                I2C_AcknowledgeConfig
                0x0800283c                I2C_OwnAddress2Config
                0x08002854                I2C_DualAddressCmd
                0x08002874                I2C_GeneralCallCmd
                0x08002894                I2C_SoftwareResetCmd
                0x080028b4                I2C_StretchClockCmd
                0x080028d4                I2C_FastModeDutyCycleConfig
                0x080028f8                I2C_NACKPositionConfig
                0x0800291c                I2C_SMBusAlertConfig
                0x08002940                I2C_ARPCmd
                0x08002960                I2C_SendData
                0x08002964                I2C_ReceiveData
                0x0800296c                I2C_TransmitPEC
                0x0800298c                I2C_PECPositionConfig
                0x080029b0                I2C_CalculatePEC
                0x080029d0                I2C_GetPEC
                0x080029d8                I2C_DMACmd
                0x080029f8                I2C_DMALastTransferCmd
                0x08002a18                I2C_ReadRegister
                0x08002a34                I2C_ITConfig
                0x08002a4c                I2C_CheckEvent
                0x08002a68                I2C_GetLastEvent
                0x08002a78                I2C_GetFlagStatus
                0x08002ab8                I2C_ClearFlag
                0x08002ac4                I2C_GetITStatus
                0x08002ae8                I2C_ClearITPendingBit
 .text          0x08002af4      0x478 ../Libraries/STM32F4xx_StdPeriph_Driver/src/stm32f4xx_dma.o
                0x08002af4                DMA_DeInit
                0x08002ce8                DMA_Init
                0x08002d40                DMA_StructInit
                0x08002d64                DMA_Cmd
                0x08002d7c                DMA_PeriphIncOffsetSizeConfig
                0x08002d94                DMA_FlowControllerConfig
                0x08002dac                DMA_SetCurrDataCounter
                0x08002db0                DMA_GetCurrDataCounter
                0x08002db8                DMA_DoubleBufferModeConfig
                0x08002dd0                DMA_DoubleBufferModeCmd
                0x08002de8                DMA_MemoryTargetConfig
                0x08002df4                DMA_GetCurrentMemoryTarget
                0x08002dfc                DMA_GetCmdStatus
                0x08002e04                DMA_GetFIFOStatus
                0x08002e0c                DMA_GetFlagStatus
                0x08002e50                DMA_ClearFlag
                0x08002e8c                DMA_ITConfig
                0x08002ec8                DMA_GetITStatus
                0x08002f30                DMA_ClearITPendingBit
 .text          0x08002f6c       0x58 ../Libraries/STM32F4xx_StdPeriph_Driver/src/stm32f4xx_iwdg.o
                0x08002f6c                IWDG_WriteAccessCmd
                0x08002f78                IWDG_SetPrescaler
                0x08002f84                IWDG_SetReload
                0x08002f90                IWDG_ReloadCounter
                0x08002fa0                IWDG_Enable
                0x08002fb0                IWDG_GetFlagStatus
 .text          0x08002fc4      0x424 ../Libraries/STM32F4xx_StdPeriph_Driver/src/stm32f4xx_spi.o
                0x08002fc4                SPI_I2S_DeInit
                0x08003038                SPI_Init
                0x0800307c                I2S_Init
                0x08003184                SPI_StructInit
                0x080031a0                I2S_StructInit
                0x080031b8                SPI_Cmd
                0x080031d8                I2S_Cmd
                0x080031f8                SPI_DataSizeConfig
                0x08003214                SPI_BiDirectionalLineConfig
                0x08003238                SPI_NSSInternalSoftwareConfig
                0x08003260                SPI_SSOutputCmd
                0x08003280                SPI_TIModeCmd
                0x080032a0                I2S_FullDuplexConfig
                0x080032f4                SPI_I2S_ReceiveData
                0x080032fc                SPI_I2S_SendData
                0x08003300                SPI_CalculateCRC
                0x08003320                SPI_TransmitCRC
                0x0800332c                SPI_GetCRC
                0x0800333c                SPI_GetCRCPolynomial
                0x08003344                SPI_I2S_DMACmd
                0x0800335c                SPI_I2S_ITConfig
                0x08003384                SPI_I2S_GetFlagStatus
                0x08003390                SPI_I2S_ClearFlag
                0x0800339c                SPI_I2S_GetITStatus
                0x080033d0                SPI_I2S_ClearITPendingBit
 .text          0x080033e8     0x125c ../Libraries/STM32F4-Discovery/src/stm32f4_discovery_lcd.o
                0x080033e8                LCD_DeInit
                0x08003678                LCD_CtrlLinesConfig
                0x0800382c                LCD_FSMCConfig
                0x08003890                LCD_WriteReg
                0x080038a4                LCD_SetCursor
                0x080038c0                LCD_ReadReg
                0x080038d4                LCD_WriteRAM_Prepare
                0x080038e0                LCD_WriteRAM
                0x080038ec                LCD_ReadRAM
                0x080038fc                LCD_RGB_Test
                0x08003950                LCD_SetColors
                0x08003980                LCD_GetColors
                0x080039a0                LCD_SetTextColor
                0x080039bc                LCD_SetBackColor
                0x080039d8                LCD_DisplayOff
                0x080039dc                LCD_DisplayOn
                0x080039e0                LCD_SetFont
                0x080039ec                LCD_GetFont
                0x080039f8                LCD_Clear
                0x08003a20                LCD_DrawChar
                0x08003ae4                LCD_DisplayChar
                0x08003b2c                LCD_ClearLine
                0x08003b60                LCD_DisplayStringLine
                0x08003b9c                LCD_SetDisplayWindow
                0x08003bf4                LCD_WindowModeDisable
                0x08003bf8                LCD_DrawLine
                0x08003c9c                LCD_DrawRect
                0x08003ce4                LCD_DrawCircle
                0x08003e20                LCD_DrawMonoPict
                0x08003e84                LCD_WriteBMP
                0x08003e88                LCD_DrawFullRect
                0x08003f44                LCD_DrawFullCircle
                0x08004028                LCD_DrawUniLine
                0x08004170                LCD_PolyLine
                0x080041a8                LCD_ClosedPolyLine
                0x080041cc                LCD_PolyLineRelative
                0x080041d8                LCD_ClosedPolyLineRelative
                0x080041e4                LCD_FillPolyLine
                0x08004450                delay
                0x0800447c                STM32f4_Discovery_LCD_Init
 .text          0x08004644        0x0 ../Libraries/STM32F4-Discovery/src/fonts.o
 .text          0x08004644     0x1fd8 ../Libraries/STM32F4-Discovery/src/dcmi_ov9655.o
                0x08004644                DCMI_Control_IO_Init
                0x080046c4                DCMI_SingleRandomWrite
                0x080047e0                DCMI_OV9655_SelectRGBOption
                0x080047f4                DCMI_OV9655_HREFControl
                0x08004808                DCMI_OV9655_SetRegister
                0x0800481c                DCMI_OV9655_SelectFormatResolution
                0x08004830                DCMI_OV9655_SelectOutputFormat
                0x08004844                DCMI_OV9655_SetPrescaler
                0x08004858                DCMI_OV9655_QQVGASizeSetup
                0x08005640                DCMI_OV9655_QVGASizeSetup
                0x08006420                DCMI_OV9655_Reset
                0x08006434                DCMI_SingleRandomRead
                0x080065dc                DCMI_OV9655_ReadID
 .text          0x0800661c      0xd74 ../Libraries/STM32F4-Discovery/src/stmpe811qtr.o
                0x080066b0                I2C_ReadDeviceRegister
                0x0800691c                I2C_WriteDeviceRegister
                0x08006b24                IOE_Reset
                0x08006b50                IOE_ClearGITPending
                0x08006b64                IOE_ITOutConfig
                0x08006b90                IOE_IOEdgeConfig
                0x08006be8                IOE_IOAFConfig
                0x08006c18                IOE_TS_Config
                0x08006d30                IOE_IOITConfig
                0x08006d60                IOE_GITConfig
                0x08006d90                IOE_GITCmd
                0x08006db4                IOE_IOPinConfig
                0x08006de4                IOE_FnctCmd
                0x08006e14                IOE_ReadID
                0x08006e38                IOE_IsOperational
                0x08006e60                IOE_Config
                0x08006f78                IOE_GetIOITStatus
                0x08006f90                IOE_GetGITStatus
                0x08006fbc                IOE_ITConfig
                0x08007000                I2C_ReadDataBuffer
                0x08007280                IOE_TS_Read_X
                0x080072ac                IOE_TS_Read_Y
                0x080072d8                IOE_TS_GetState
 .text          0x08007390      0x4b4 ../Libraries/STM32F4-Discovery/src/stm32f4_discovery_lis302dl.o
                0x08007390                LIS302DL_TIMEOUT_UserCallback
                0x08007424                LIS302DL_Read
                0x08007480                LIS302DL_ReadACC
                0x0800750c                LIS302DL_Write
                0x08007560                LIS302DL_RebootCmd
                0x08007594                LIS302DL_FullScaleCmd
                0x080075cc                LIS302DL_DataRateCmd
                0x08007604                LIS302DL_LowpowerCmd
                0x0800763c                LIS302DL_InterruptConfig
                0x0800767c                LIS302DL_FilterConfig
                0x080076c4                LIS302DL_Init
 .text          0x08007844      0x370 c:/program files (x86)/gnu tools arm embedded/4.6 2012q4/bin/../lib/gcc/arm-none-eabi/4.6.2/armv7e-m\libgcc.a(_arm_addsubdf3.o)
                0x08007844                __aeabi_drsub
                0x0800784c                __aeabi_dsub
                0x0800784c                __subdf3
                0x08007850                __aeabi_dadd
                0x08007850                __adddf3
                0x08007ac8                __floatunsidf
                0x08007ac8                __aeabi_ui2d
                0x08007ae8                __floatsidf
                0x08007ae8                __aeabi_i2d
                0x08007b0c                __aeabi_f2d
                0x08007b0c                __extendsfdf2
                0x08007b48                __floatundidf
                0x08007b48                __aeabi_ul2d
                0x08007b58                __floatdidf
                0x08007b58                __aeabi_l2d
 .text          0x08007bb4      0x110 c:/program files (x86)/gnu tools arm embedded/4.6 2012q4/bin/../lib/gcc/arm-none-eabi/4.6.2/armv7e-m\libgcc.a(_arm_cmpdf2.o)
                0x08007bb4                __gtdf2
                0x08007bb4                __gedf2
                0x08007bbc                __ltdf2
                0x08007bbc                __ledf2
                0x08007bc4                __nedf2
                0x08007bc4                __eqdf2
                0x08007bc4                __cmpdf2
                0x08007c40                __aeabi_cdrcmple
                0x08007c50                __aeabi_cdcmpeq
                0x08007c50                __aeabi_cdcmple
                0x08007c60                __aeabi_dcmpeq
                0x08007c74                __aeabi_dcmplt
                0x08007c88                __aeabi_dcmple
                0x08007c9c                __aeabi_dcmpge
                0x08007cb0                __aeabi_dcmpgt
 .text          0x08007cc4        0x0 c:/program files (x86)/gnu tools arm embedded/4.6 2012q4/bin/../lib/gcc/arm-none-eabi/4.6.2/../../../../arm-none-eabi/lib/armv7e-m\libg.a(lib_a-memcpy.o)
 .text.memcpy   0x08007cc4       0x84 c:/program files (x86)/gnu tools arm embedded/4.6 2012q4/bin/../lib/gcc/arm-none-eabi/4.6.2/../../../../arm-none-eabi/lib/armv7e-m\libg.a(lib_a-memcpy.o)
                0x08007cc4                memcpy
 .text          0x08007d48        0x0 c:/program files (x86)/gnu tools arm embedded/4.6 2012q4/bin/../lib/gcc/arm-none-eabi/4.6.2/../../../../arm-none-eabi/lib/armv7e-m\libg.a(lib_a-memmove.o)
 .text.memmove  0x08007d48       0xb0 c:/program files (x86)/gnu tools arm embedded/4.6 2012q4/bin/../lib/gcc/arm-none-eabi/4.6.2/../../../../arm-none-eabi/lib/armv7e-m\libg.a(lib_a-memmove.o)
                0x08007d48                memmove
 *(.rodata*)
 .rodata        0x08007df8       0x44 main.o
                0x08007e30                camGraphCoor
                0x08007e38                screen_WH
 .rodata.str1.4
                0x08007e3c       0xf4 main.o
 .rodata        0x08007f30    0x38408 BaseImage.o
                0x08007f30                gImage_BaseImage
 .rodata        0x08040338       0xd0 circle.o
                0x08040338                gImage_circle
 .rodata        0x08040408     0x13a0 buttonRedPressed.o
                0x08040408                gImage_buttonRedPressed
 .rodata        0x080417a8     0x13a0 buttonRedUnpressed.o
                0x080417a8                gImage_buttonRedUnpressed
 .rodata        0x08042b48     0x13a0 buttonGreenPressed.o
                0x08042b48                gImage_buttonGreenPressed
 .rodata        0x08043ee8     0x13a0 buttonGreenUnpressed.o
                0x08043ee8                gImage_buttonGreenUnpressed
 .rodata        0x08045288     0x13a0 buttonBluePressed.o
                0x08045288                gImage_buttonBluePressed
 .rodata        0x08046628     0x13a0 buttonBlueUnpressed.o
                0x08046628                gImage_buttonBlueUnpressed
 .rodata        0x080479c8     0x13a0 buttonLumPressed.o
                0x080479c8                gImage_buttonLumPressed
 .rodata        0x08048d68     0x13a0 buttonLumUnpressed.o
                0x08048d68                gImage_buttonLumUnpressed
 .rodata        0x0804a108     0x3a40 ../Libraries/STM32F4-Discovery/src/fonts.o
                0x0804a108                ASCII8x8_Table
                0x0804ab18                ASCII8x12_Table
                0x0804b418                ASCII12x12_Table
                0x0804bd18                ASCII16x24_Table
 *(.eh_frame)
                0x0804db48                _etext = .

.glue_7         0x0804db48        0x0
 .glue_7        0x00000000        0x0 linker stubs

.glue_7t        0x0804db48        0x0
 .glue_7t       0x00000000        0x0 linker stubs

.vfp11_veneer   0x0804db48        0x0
 .vfp11_veneer  0x00000000        0x0 linker stubs

.v4_bx          0x0804db48        0x0
 .v4_bx         0x00000000        0x0 linker stubs

.ARM            0x0804db48        0x0
                0x0804db48                __exidx_start = .
 *(.ARM.exidx*)
                0x0804db48                __exidx_end = .
                0x0804db48                _sidata = .

.data           0x20000000       0x80 load address 0x0804db48
                0x20000000                . = ALIGN (0x4)
                0x20000000                _sdata = .
 *(.data*)
 .data          0x20000000       0x30 main.o
                0x20000000                pFrame
                0x20000004                lcdFrame_1
                0x20000008                buttonRedCoor
                0x20000010                buttonGreenCoor
                0x20000018                buttonBlueCoor
                0x20000020                buttonLumCoor
                0x20000028                BaseImageCoor
 .data          0x20000030        0x0 startup.o
 .data          0x20000030        0x0 BaseImage.o
 .data          0x20000030        0x0 circle.o
 .data          0x20000030        0x0 buttonRedPressed.o
 .data          0x20000030        0x0 buttonRedUnpressed.o
 .data          0x20000030        0x0 buttonGreenPressed.o
 .data          0x20000030        0x0 buttonGreenUnpressed.o
 .data          0x20000030        0x0 buttonBluePressed.o
 .data          0x20000030        0x0 buttonBlueUnpressed.o
 .data          0x20000030        0x0 buttonLumPressed.o
 .data          0x20000030        0x0 buttonLumUnpressed.o
 .data          0x20000030       0x14 ../Libraries/CMSIS/ST/STM32F4xx/Source/Templates/system_stm32f4xx.o
                0x20000030                SystemCoreClock
                0x20000034                AHBPrescTable
 .data          0x20000044        0x0 ../Libraries/STM32F4xx_StdPeriph_Driver/src/misc.o
 .data          0x20000044       0x10 ../Libraries/STM32F4xx_StdPeriph_Driver/src/stm32f4xx_rcc.o
 .data          0x20000054        0x0 ../Libraries/STM32F4xx_StdPeriph_Driver/src/stm32f4xx_gpio.o
 .data          0x20000054        0x0 ../Libraries/STM32F4xx_StdPeriph_Driver/src/stm32f4xx_fsmc.o
 .data          0x20000054        0x0 ../Libraries/STM32F4xx_StdPeriph_Driver/src/stm32f4xx_dcmi.o
 .data          0x20000054        0x0 ../Libraries/STM32F4xx_StdPeriph_Driver/src/stm32f4xx_i2c.o
 .data          0x20000054        0x0 ../Libraries/STM32F4xx_StdPeriph_Driver/src/stm32f4xx_dma.o
 .data          0x20000054        0x0 ../Libraries/STM32F4xx_StdPeriph_Driver/src/stm32f4xx_iwdg.o
 .data          0x20000054        0x0 ../Libraries/STM32F4xx_StdPeriph_Driver/src/stm32f4xx_spi.o
 .data          0x20000054        0x2 ../Libraries/STM32F4-Discovery/src/stm32f4_discovery_lcd.o
 *fill*         0x20000056        0x2 00
 .data          0x20000058       0x20 ../Libraries/STM32F4-Discovery/src/fonts.o
                0x20000058                Font8x8
                0x20000060                Font8x12
                0x20000068                Font12x12
                0x20000070                Font16x24
 .data          0x20000078        0x0 ../Libraries/STM32F4-Discovery/src/dcmi_ov9655.o
 .data          0x20000078        0x4 ../Libraries/STM32F4-Discovery/src/stmpe811qtr.o
                0x20000078                IOE_TimeOut
 .data          0x2000007c        0x4 ../Libraries/STM32F4-Discovery/src/stm32f4_discovery_lis302dl.o
                0x2000007c                LIS302DLTimeout
 .data          0x20000080        0x0 c:/program files (x86)/gnu tools arm embedded/4.6 2012q4/bin/../lib/gcc/arm-none-eabi/4.6.2/armv7e-m\libgcc.a(_arm_addsubdf3.o)
 .data          0x20000080        0x0 c:/program files (x86)/gnu tools arm embedded/4.6 2012q4/bin/../lib/gcc/arm-none-eabi/4.6.2/armv7e-m\libgcc.a(_arm_cmpdf2.o)
 .data          0x20000080        0x0 c:/program files (x86)/gnu tools arm embedded/4.6 2012q4/bin/../lib/gcc/arm-none-eabi/4.6.2/../../../../arm-none-eabi/lib/armv7e-m\libg.a(lib_a-memcpy.o)
 .data          0x20000080        0x0 c:/program files (x86)/gnu tools arm embedded/4.6 2012q4/bin/../lib/gcc/arm-none-eabi/4.6.2/../../../../arm-none-eabi/lib/armv7e-m\libg.a(lib_a-memmove.o)
                0x20000080                _edata = .

.bss            0x20000080    0x1ff78 load address 0x0804dbc8
                0x20000080                . = ALIGN (0x4)
                0x20000080                _sbss = .
 *(COMMON)
 COMMON         0x20000080    0x1faa0 main.o
                0x20000080                DmaFrame
                0x20000300                Frame
                0x20009900                lcdFrame_2
                0x2001f102                x_0
                0x2001f104                TimingDelay
                0x2001f108                ITM_RxBuffer
                0x2001f10c                frame
                0x2001fb0c                y_0
                0x2001fb10                RCC_Clocks
 COMMON         0x2001fb20      0x400 startup.o
                0x2001fb20                pulStack
 COMMON         0x2001ff20        0xa ../Libraries/STM32F4-Discovery/src/stmpe811qtr.o
                0x2001ff20                TS_State
 *(.bss*)
 *fill*         0x2001ff2a        0x2 00
 .bss           0x2001ff2c       0xbc main.o
                0x2001ff50                frame_index
                0x2001ff54                screen_index
                0x2001ff58                currentButton
 .bss           0x2001ffe8        0x4 startup.o
                0x2001ffe8                tick
 .bss           0x2001ffec        0x0 BaseImage.o
 .bss           0x2001ffec        0x0 circle.o
 .bss           0x2001ffec        0x0 buttonRedPressed.o
 .bss           0x2001ffec        0x0 buttonRedUnpressed.o
 .bss           0x2001ffec        0x0 buttonGreenPressed.o
 .bss           0x2001ffec        0x0 buttonGreenUnpressed.o
 .bss           0x2001ffec        0x0 buttonBluePressed.o
 .bss           0x2001ffec        0x0 buttonBlueUnpressed.o
 .bss           0x2001ffec        0x0 buttonLumPressed.o
 .bss           0x2001ffec        0x0 buttonLumUnpressed.o
 .bss           0x2001ffec        0x0 ../Libraries/CMSIS/ST/STM32F4xx/Source/Templates/system_stm32f4xx.o
 .bss           0x2001ffec        0x0 ../Libraries/STM32F4xx_StdPeriph_Driver/src/misc.o
 .bss           0x2001ffec        0x0 ../Libraries/STM32F4xx_StdPeriph_Driver/src/stm32f4xx_rcc.o
 .bss           0x2001ffec        0x0 ../Libraries/STM32F4xx_StdPeriph_Driver/src/stm32f4xx_gpio.o
 .bss           0x2001ffec        0x0 ../Libraries/STM32F4xx_StdPeriph_Driver/src/stm32f4xx_fsmc.o
 .bss           0x2001ffec        0x0 ../Libraries/STM32F4xx_StdPeriph_Driver/src/stm32f4xx_dcmi.o
 .bss           0x2001ffec        0x0 ../Libraries/STM32F4xx_StdPeriph_Driver/src/stm32f4xx_i2c.o
 .bss           0x2001ffec        0x0 ../Libraries/STM32F4xx_StdPeriph_Driver/src/stm32f4xx_dma.o
 .bss           0x2001ffec        0x0 ../Libraries/STM32F4xx_StdPeriph_Driver/src/stm32f4xx_iwdg.o
 .bss           0x2001ffec        0x0 ../Libraries/STM32F4xx_StdPeriph_Driver/src/stm32f4xx_spi.o
 .bss           0x2001ffec        0x8 ../Libraries/STM32F4-Discovery/src/stm32f4_discovery_lcd.o
 .bss           0x2001fff4        0x0 ../Libraries/STM32F4-Discovery/src/fonts.o
 .bss           0x2001fff4        0x0 ../Libraries/STM32F4-Discovery/src/dcmi_ov9655.o
 .bss           0x2001fff4        0x4 ../Libraries/STM32F4-Discovery/src/stmpe811qtr.o
 .bss           0x2001fff8        0x0 ../Libraries/STM32F4-Discovery/src/stm32f4_discovery_lis302dl.o
 .bss           0x2001fff8        0x0 c:/program files (x86)/gnu tools arm embedded/4.6 2012q4/bin/../lib/gcc/arm-none-eabi/4.6.2/armv7e-m\libgcc.a(_arm_addsubdf3.o)
 .bss           0x2001fff8        0x0 c:/program files (x86)/gnu tools arm embedded/4.6 2012q4/bin/../lib/gcc/arm-none-eabi/4.6.2/armv7e-m\libgcc.a(_arm_cmpdf2.o)
 .bss           0x2001fff8        0x0 c:/program files (x86)/gnu tools arm embedded/4.6 2012q4/bin/../lib/gcc/arm-none-eabi/4.6.2/../../../../arm-none-eabi/lib/armv7e-m\libg.a(lib_a-memcpy.o)
 .bss           0x2001fff8        0x0 c:/program files (x86)/gnu tools arm embedded/4.6 2012q4/bin/../lib/gcc/arm-none-eabi/4.6.2/../../../../arm-none-eabi/lib/armv7e-m\libg.a(lib_a-memmove.o)
                0x2001fff8                _ebss = .

.ccmem
 *(.ccm)
OUTPUT(MVS_LW44_CAM_LCD_CCM_DMA2.elf elf32-littlearm)

.debug_info     0x00000000     0x9ea5
 .debug_info    0x00000000     0x18d8 main.o
 .debug_info    0x000018d8      0x29b startup.o
 .debug_info    0x00001b73       0x5e BaseImage.o
 .debug_info    0x00001bd1       0x5b circle.o
 .debug_info    0x00001c2c       0x5c buttonRedPressed.o
 .debug_info    0x00001c88       0x5c buttonRedUnpressed.o
 .debug_info    0x00001ce4       0x5c buttonGreenPressed.o
 .debug_info    0x00001d40       0x5c buttonGreenUnpressed.o
 .debug_info    0x00001d9c       0x5c buttonBluePressed.o
 .debug_info    0x00001df8       0x5c buttonBlueUnpressed.o
 .debug_info    0x00001e54       0x5c buttonLumPressed.o
 .debug_info    0x00001eb0       0x5c buttonLumUnpressed.o
 .debug_info    0x00001f0c      0x64f ../Libraries/CMSIS/ST/STM32F4xx/Source/Templates/system_stm32f4xx.o
 .debug_info    0x0000255b      0x5a4 ../Libraries/STM32F4xx_StdPeriph_Driver/src/misc.o
 .debug_info    0x00002aff      0xd1b ../Libraries/STM32F4xx_StdPeriph_Driver/src/stm32f4xx_rcc.o
 .debug_info    0x0000381a      0x638 ../Libraries/STM32F4xx_StdPeriph_Driver/src/stm32f4xx_gpio.o
 .debug_info    0x00003e52      0x9ad ../Libraries/STM32F4xx_StdPeriph_Driver/src/stm32f4xx_fsmc.o
 .debug_info    0x000047ff      0x59d ../Libraries/STM32F4xx_StdPeriph_Driver/src/stm32f4xx_dcmi.o
 .debug_info    0x00004d9c      0xb77 ../Libraries/STM32F4xx_StdPeriph_Driver/src/stm32f4xx_i2c.o
 .debug_info    0x00005913      0x79b ../Libraries/STM32F4xx_StdPeriph_Driver/src/stm32f4xx_dma.o
 .debug_info    0x000060ae      0x212 ../Libraries/STM32F4xx_StdPeriph_Driver/src/stm32f4xx_iwdg.o
 .debug_info    0x000062c0      0xbc3 ../Libraries/STM32F4xx_StdPeriph_Driver/src/stm32f4xx_spi.o
 .debug_info    0x00006e83     0x1098 ../Libraries/STM32F4-Discovery/src/stm32f4_discovery_lcd.o
 .debug_info    0x00007f1b      0x1ed ../Libraries/STM32F4-Discovery/src/fonts.o
 .debug_info    0x00008108      0x678 ../Libraries/STM32F4-Discovery/src/dcmi_ov9655.o
 .debug_info    0x00008780      0xe8d ../Libraries/STM32F4-Discovery/src/stmpe811qtr.o
 .debug_info    0x0000960d      0x898 ../Libraries/STM32F4-Discovery/src/stm32f4_discovery_lis302dl.o

.debug_abbrev   0x00000000     0x1fef
 .debug_abbrev  0x00000000      0x33e main.o
 .debug_abbrev  0x0000033e      0x12e startup.o
 .debug_abbrev  0x0000046c       0x49 BaseImage.o
 .debug_abbrev  0x000004b5       0x49 circle.o
 .debug_abbrev  0x000004fe       0x49 buttonRedPressed.o
 .debug_abbrev  0x00000547       0x49 buttonRedUnpressed.o
 .debug_abbrev  0x00000590       0x49 buttonGreenPressed.o
 .debug_abbrev  0x000005d9       0x49 buttonGreenUnpressed.o
 .debug_abbrev  0x00000622       0x49 buttonBluePressed.o
 .debug_abbrev  0x0000066b       0x49 buttonBlueUnpressed.o
 .debug_abbrev  0x000006b4       0x49 buttonLumPressed.o
 .debug_abbrev  0x000006fd       0x49 buttonLumUnpressed.o
 .debug_abbrev  0x00000746      0x16c ../Libraries/CMSIS/ST/STM32F4xx/Source/Templates/system_stm32f4xx.o
 .debug_abbrev  0x000008b2      0x14c ../Libraries/STM32F4xx_StdPeriph_Driver/src/misc.o
 .debug_abbrev  0x000009fe      0x1f6 ../Libraries/STM32F4xx_StdPeriph_Driver/src/stm32f4xx_rcc.o
 .debug_abbrev  0x00000bf4      0x1bf ../Libraries/STM32F4xx_StdPeriph_Driver/src/stm32f4xx_gpio.o
 .debug_abbrev  0x00000db3      0x1b2 ../Libraries/STM32F4xx_StdPeriph_Driver/src/stm32f4xx_fsmc.o
 .debug_abbrev  0x00000f65      0x1af ../Libraries/STM32F4xx_StdPeriph_Driver/src/stm32f4xx_dcmi.o
 .debug_abbrev  0x00001114      0x194 ../Libraries/STM32F4xx_StdPeriph_Driver/src/stm32f4xx_i2c.o
 .debug_abbrev  0x000012a8      0x19c ../Libraries/STM32F4xx_StdPeriph_Driver/src/stm32f4xx_dma.o
 .debug_abbrev  0x00001444      0x109 ../Libraries/STM32F4xx_StdPeriph_Driver/src/stm32f4xx_iwdg.o
 .debug_abbrev  0x0000154d      0x1ac ../Libraries/STM32F4xx_StdPeriph_Driver/src/stm32f4xx_spi.o
 .debug_abbrev  0x000016f9      0x23b ../Libraries/STM32F4-Discovery/src/stm32f4_discovery_lcd.o
 .debug_abbrev  0x00001934       0xbb ../Libraries/STM32F4-Discovery/src/fonts.o
 .debug_abbrev  0x000019ef      0x18e ../Libraries/STM32F4-Discovery/src/dcmi_ov9655.o
 .debug_abbrev  0x00001b7d      0x262 ../Libraries/STM32F4-Discovery/src/stmpe811qtr.o
 .debug_abbrev  0x00001ddf      0x210 ../Libraries/STM32F4-Discovery/src/stm32f4_discovery_lis302dl.o

.debug_loc      0x00000000     0x4ec3
 .debug_loc     0x00000000      0x7d1 main.o
 .debug_loc     0x000007d1       0x3e startup.o
 .debug_loc     0x0000080f      0x19a ../Libraries/CMSIS/ST/STM32F4xx/Source/Templates/system_stm32f4xx.o
 .debug_loc     0x000009a9      0x130 ../Libraries/STM32F4xx_StdPeriph_Driver/src/misc.o
 .debug_loc     0x00000ad9      0x779 ../Libraries/STM32F4xx_StdPeriph_Driver/src/stm32f4xx_rcc.o
 .debug_loc     0x00001252      0x280 ../Libraries/STM32F4xx_StdPeriph_Driver/src/stm32f4xx_gpio.o
 .debug_loc     0x000014d2      0x3ab ../Libraries/STM32F4xx_StdPeriph_Driver/src/stm32f4xx_fsmc.o
 .debug_loc     0x0000187d      0x17c ../Libraries/STM32F4xx_StdPeriph_Driver/src/stm32f4xx_dcmi.o
 .debug_loc     0x000019f9      0x643 ../Libraries/STM32F4xx_StdPeriph_Driver/src/stm32f4xx_i2c.o
 .debug_loc     0x0000203c      0x34c ../Libraries/STM32F4xx_StdPeriph_Driver/src/stm32f4xx_dma.o
 .debug_loc     0x00002388       0x3d ../Libraries/STM32F4xx_StdPeriph_Driver/src/stm32f4xx_iwdg.o
 .debug_loc     0x000023c5      0x579 ../Libraries/STM32F4xx_StdPeriph_Driver/src/stm32f4xx_spi.o
 .debug_loc     0x0000293e     0x128b ../Libraries/STM32F4-Discovery/src/stm32f4_discovery_lcd.o
 .debug_loc     0x00003bc9      0x375 ../Libraries/STM32F4-Discovery/src/dcmi_ov9655.o
 .debug_loc     0x00003f3e      0xa56 ../Libraries/STM32F4-Discovery/src/stmpe811qtr.o
 .debug_loc     0x00004994      0x52f ../Libraries/STM32F4-Discovery/src/stm32f4_discovery_lis302dl.o

.debug_aranges  0x00000000      0x200
 .debug_aranges
                0x00000000       0x20 main.o
 .debug_aranges
                0x00000020       0x20 startup.o
 .debug_aranges
                0x00000040       0x20 ../Libraries/CMSIS/ST/STM32F4xx/Source/Templates/system_stm32f4xx.o
 .debug_aranges
                0x00000060       0x20 ../Libraries/STM32F4xx_StdPeriph_Driver/src/misc.o
 .debug_aranges
                0x00000080       0x20 ../Libraries/STM32F4xx_StdPeriph_Driver/src/stm32f4xx_rcc.o
 .debug_aranges
                0x000000a0       0x20 ../Libraries/STM32F4xx_StdPeriph_Driver/src/stm32f4xx_gpio.o
 .debug_aranges
                0x000000c0       0x20 ../Libraries/STM32F4xx_StdPeriph_Driver/src/stm32f4xx_fsmc.o
 .debug_aranges
                0x000000e0       0x20 ../Libraries/STM32F4xx_StdPeriph_Driver/src/stm32f4xx_dcmi.o
 .debug_aranges
                0x00000100       0x20 ../Libraries/STM32F4xx_StdPeriph_Driver/src/stm32f4xx_i2c.o
 .debug_aranges
                0x00000120       0x20 ../Libraries/STM32F4xx_StdPeriph_Driver/src/stm32f4xx_dma.o
 .debug_aranges
                0x00000140       0x20 ../Libraries/STM32F4xx_StdPeriph_Driver/src/stm32f4xx_iwdg.o
 .debug_aranges
                0x00000160       0x20 ../Libraries/STM32F4xx_StdPeriph_Driver/src/stm32f4xx_spi.o
 .debug_aranges
                0x00000180       0x20 ../Libraries/STM32F4-Discovery/src/stm32f4_discovery_lcd.o
 .debug_aranges
                0x000001a0       0x20 ../Libraries/STM32F4-Discovery/src/dcmi_ov9655.o
 .debug_aranges
                0x000001c0       0x20 ../Libraries/STM32F4-Discovery/src/stmpe811qtr.o
 .debug_aranges
                0x000001e0       0x20 ../Libraries/STM32F4-Discovery/src/stm32f4_discovery_lis302dl.o

.debug_ranges   0x00000000       0x18
 .debug_ranges  0x00000000       0x18 main.o

.debug_line     0x00000000     0x308e
 .debug_line    0x00000000      0x4bd main.o
 .debug_line    0x000004bd      0x11d startup.o
 .debug_line    0x000005da       0x2c BaseImage.o
 .debug_line    0x00000606       0x29 circle.o
 .debug_line    0x0000062f       0x33 buttonRedPressed.o
 .debug_line    0x00000662       0x35 buttonRedUnpressed.o
 .debug_line    0x00000697       0x35 buttonGreenPressed.o
 .debug_line    0x000006cc       0x37 buttonGreenUnpressed.o
 .debug_line    0x00000703       0x34 buttonBluePressed.o
 .debug_line    0x00000737       0x36 buttonBlueUnpressed.o
 .debug_line    0x0000076d       0x33 buttonLumPressed.o
 .debug_line    0x000007a0       0x35 buttonLumUnpressed.o
 .debug_line    0x000007d5      0x1b5 ../Libraries/CMSIS/ST/STM32F4xx/Source/Templates/system_stm32f4xx.o
 .debug_line    0x0000098a      0x1a9 ../Libraries/STM32F4xx_StdPeriph_Driver/src/misc.o
 .debug_line    0x00000b33      0x2e2 ../Libraries/STM32F4xx_StdPeriph_Driver/src/stm32f4xx_rcc.o
 .debug_line    0x00000e15      0x21c ../Libraries/STM32F4xx_StdPeriph_Driver/src/stm32f4xx_gpio.o
 .debug_line    0x00001031      0x2d8 ../Libraries/STM32F4xx_StdPeriph_Driver/src/stm32f4xx_fsmc.o
 .debug_line    0x00001309      0x20a ../Libraries/STM32F4xx_StdPeriph_Driver/src/stm32f4xx_dcmi.o
 .debug_line    0x00001513      0x2bd ../Libraries/STM32F4xx_StdPeriph_Driver/src/stm32f4xx_i2c.o
 .debug_line    0x000017d0      0x272 ../Libraries/STM32F4xx_StdPeriph_Driver/src/stm32f4xx_dma.o
 .debug_line    0x00001a42      0x174 ../Libraries/STM32F4xx_StdPeriph_Driver/src/stm32f4xx_iwdg.o
 .debug_line    0x00001bb6      0x29d ../Libraries/STM32F4xx_StdPeriph_Driver/src/stm32f4xx_spi.o
 .debug_line    0x00001e53      0x565 ../Libraries/STM32F4-Discovery/src/stm32f4_discovery_lcd.o
 .debug_line    0x000023b8      0x103 ../Libraries/STM32F4-Discovery/src/fonts.o
 .debug_line    0x000024bb      0x4da ../Libraries/STM32F4-Discovery/src/dcmi_ov9655.o
 .debug_line    0x00002995      0x445 ../Libraries/STM32F4-Discovery/src/stmpe811qtr.o
 .debug_line    0x00002dda      0x2b4 ../Libraries/STM32F4-Discovery/src/stm32f4_discovery_lis302dl.o

.debug_str      0x00000000     0x3b44
 .debug_str     0x00000000     0x118c main.o
                               0x1210 (size before relaxing)
 .debug_str     0x0000118c       0xa9 startup.o
                                0x1e6 (size before relaxing)
 .debug_str     0x00001235        0xc BaseImage.o
                                 0xb1 (size before relaxing)
 .debug_str     0x00001241        0x9 circle.o
                                 0xab (size before relaxing)
 .debug_str     0x0000124a       0x13 buttonRedPressed.o
                                 0xbf (size before relaxing)
 .debug_str     0x0000125d       0x15 buttonRedUnpressed.o
                                 0xc3 (size before relaxing)
 .debug_str     0x00001272       0x15 buttonGreenPressed.o
                                 0xc3 (size before relaxing)
 .debug_str     0x00001287       0x17 buttonGreenUnpressed.o
                                 0xc7 (size before relaxing)
 .debug_str     0x0000129e       0x14 buttonBluePressed.o
                                 0xc1 (size before relaxing)
 .debug_str     0x000012b2       0x16 buttonBlueUnpressed.o
                                 0xc5 (size before relaxing)
 .debug_str     0x000012c8       0x13 buttonLumPressed.o
                                 0xbf (size before relaxing)
 .debug_str     0x000012db       0x15 buttonLumUnpressed.o
                                 0xc3 (size before relaxing)
 .debug_str     0x000012f0      0x1a2 ../Libraries/CMSIS/ST/STM32F4xx/Source/Templates/system_stm32f4xx.o
                                0x37d (size before relaxing)
 .debug_str     0x00001492      0x10f ../Libraries/STM32F4xx_StdPeriph_Driver/src/misc.o
                                0x3a1 (size before relaxing)
 .debug_str     0x000015a1      0x4f6 ../Libraries/STM32F4xx_StdPeriph_Driver/src/stm32f4xx_rcc.o
                                0x818 (size before relaxing)
 .debug_str     0x00001a97      0x174 ../Libraries/STM32F4xx_StdPeriph_Driver/src/stm32f4xx_gpio.o
                                0x46b (size before relaxing)
 .debug_str     0x00001c0b      0x5ce ../Libraries/STM32F4xx_StdPeriph_Driver/src/stm32f4xx_fsmc.o
                                0x75c (size before relaxing)
 .debug_str     0x000021d9      0x254 ../Libraries/STM32F4xx_StdPeriph_Driver/src/stm32f4xx_dcmi.o
                                0x4a1 (size before relaxing)
 .debug_str     0x0000242d      0x3dd ../Libraries/STM32F4xx_StdPeriph_Driver/src/stm32f4xx_i2c.o
                                0x62d (size before relaxing)
 .debug_str     0x0000280a      0x254 ../Libraries/STM32F4xx_StdPeriph_Driver/src/stm32f4xx_dma.o
                                0x514 (size before relaxing)
 .debug_str     0x00002a5e       0xdb ../Libraries/STM32F4xx_StdPeriph_Driver/src/stm32f4xx_iwdg.o
                                0x234 (size before relaxing)
 .debug_str     0x00002b39      0x399 ../Libraries/STM32F4xx_StdPeriph_Driver/src/stm32f4xx_spi.o
                                0x652 (size before relaxing)
 .debug_str     0x00002ed2      0x440 ../Libraries/STM32F4-Discovery/src/stm32f4_discovery_lcd.o
                                0x981 (size before relaxing)
 .debug_str     0x00003312       0x87 ../Libraries/STM32F4-Discovery/src/fonts.o
                                0x1b7 (size before relaxing)
 .debug_str     0x00003399      0x244 ../Libraries/STM32F4-Discovery/src/dcmi_ov9655.o
                                0x5a2 (size before relaxing)
 .debug_str     0x000035dd      0x2fe ../Libraries/STM32F4-Discovery/src/stmpe811qtr.o
                                0x856 (size before relaxing)
 .debug_str     0x000038db      0x269 ../Libraries/STM32F4-Discovery/src/stm32f4_discovery_lis302dl.o
                                0x734 (size before relaxing)

.comment        0x00000000       0x70
 .comment       0x00000000       0x70 main.o
                                 0x71 (size before relaxing)
 .comment       0x00000000       0x71 startup.o
 .comment       0x00000000       0x71 BaseImage.o
 .comment       0x00000000       0x71 circle.o
 .comment       0x00000000       0x71 buttonRedPressed.o
 .comment       0x00000000       0x71 buttonRedUnpressed.o
 .comment       0x00000000       0x71 buttonGreenPressed.o
 .comment       0x00000000       0x71 buttonGreenUnpressed.o
 .comment       0x00000000       0x71 buttonBluePressed.o
 .comment       0x00000000       0x71 buttonBlueUnpressed.o
 .comment       0x00000000       0x71 buttonLumPressed.o
 .comment       0x00000000       0x71 buttonLumUnpressed.o
 .comment       0x00000000       0x71 ../Libraries/CMSIS/ST/STM32F4xx/Source/Templates/system_stm32f4xx.o
 .comment       0x00000000       0x71 ../Libraries/STM32F4xx_StdPeriph_Driver/src/misc.o
 .comment       0x00000000       0x71 ../Libraries/STM32F4xx_StdPeriph_Driver/src/stm32f4xx_rcc.o
 .comment       0x00000000       0x71 ../Libraries/STM32F4xx_StdPeriph_Driver/src/stm32f4xx_gpio.o
 .comment       0x00000000       0x71 ../Libraries/STM32F4xx_StdPeriph_Driver/src/stm32f4xx_fsmc.o
 .comment       0x00000000       0x71 ../Libraries/STM32F4xx_StdPeriph_Driver/src/stm32f4xx_dcmi.o
 .comment       0x00000000       0x71 ../Libraries/STM32F4xx_StdPeriph_Driver/src/stm32f4xx_i2c.o
 .comment       0x00000000       0x71 ../Libraries/STM32F4xx_StdPeriph_Driver/src/stm32f4xx_dma.o
 .comment       0x00000000       0x71 ../Libraries/STM32F4xx_StdPeriph_Driver/src/stm32f4xx_iwdg.o
 .comment       0x00000000       0x71 ../Libraries/STM32F4xx_StdPeriph_Driver/src/stm32f4xx_spi.o
 .comment       0x00000000       0x71 ../Libraries/STM32F4-Discovery/src/stm32f4_discovery_lcd.o
 .comment       0x00000000       0x71 ../Libraries/STM32F4-Discovery/src/fonts.o
 .comment       0x00000000       0x71 ../Libraries/STM32F4-Discovery/src/dcmi_ov9655.o
 .comment       0x00000000       0x71 ../Libraries/STM32F4-Discovery/src/stmpe811qtr.o
 .comment       0x00000000       0x71 ../Libraries/STM32F4-Discovery/src/stm32f4_discovery_lis302dl.o

.ARM.attributes
                0x00000000       0x39
 .ARM.attributes
                0x00000000       0x39 main.o
 .ARM.attributes
                0x00000039       0x39 startup.o
 .ARM.attributes
                0x00000072       0x39 BaseImage.o
 .ARM.attributes
                0x000000ab       0x39 circle.o
 .ARM.attributes
                0x000000e4       0x39 buttonRedPressed.o
 .ARM.attributes
                0x0000011d       0x39 buttonRedUnpressed.o
 .ARM.attributes
                0x00000156       0x39 buttonGreenPressed.o
 .ARM.attributes
                0x0000018f       0x39 buttonGreenUnpressed.o
 .ARM.attributes
                0x000001c8       0x39 buttonBluePressed.o
 .ARM.attributes
                0x00000201       0x39 buttonBlueUnpressed.o
 .ARM.attributes
                0x0000023a       0x39 buttonLumPressed.o
 .ARM.attributes
                0x00000273       0x39 buttonLumUnpressed.o
 .ARM.attributes
                0x000002ac       0x39 ../Libraries/CMSIS/ST/STM32F4xx/Source/Templates/system_stm32f4xx.o
 .ARM.attributes
                0x000002e5       0x39 ../Libraries/STM32F4xx_StdPeriph_Driver/src/misc.o
 .ARM.attributes
                0x0000031e       0x39 ../Libraries/STM32F4xx_StdPeriph_Driver/src/stm32f4xx_rcc.o
 .ARM.attributes
                0x00000357       0x39 ../Libraries/STM32F4xx_StdPeriph_Driver/src/stm32f4xx_gpio.o
 .ARM.attributes
                0x00000390       0x39 ../Libraries/STM32F4xx_StdPeriph_Driver/src/stm32f4xx_fsmc.o
 .ARM.attributes
                0x000003c9       0x39 ../Libraries/STM32F4xx_StdPeriph_Driver/src/stm32f4xx_dcmi.o
 .ARM.attributes
                0x00000402       0x39 ../Libraries/STM32F4xx_StdPeriph_Driver/src/stm32f4xx_i2c.o
 .ARM.attributes
                0x0000043b       0x39 ../Libraries/STM32F4xx_StdPeriph_Driver/src/stm32f4xx_dma.o
 .ARM.attributes
                0x00000474       0x39 ../Libraries/STM32F4xx_StdPeriph_Driver/src/stm32f4xx_iwdg.o
 .ARM.attributes
                0x000004ad       0x39 ../Libraries/STM32F4xx_StdPeriph_Driver/src/stm32f4xx_spi.o
 .ARM.attributes
                0x000004e6       0x39 ../Libraries/STM32F4-Discovery/src/stm32f4_discovery_lcd.o
 .ARM.attributes
                0x0000051f       0x39 ../Libraries/STM32F4-Discovery/src/fonts.o
 .ARM.attributes
                0x00000558       0x39 ../Libraries/STM32F4-Discovery/src/dcmi_ov9655.o
 .ARM.attributes
                0x00000591       0x39 ../Libraries/STM32F4-Discovery/src/stmpe811qtr.o
 .ARM.attributes
                0x000005ca       0x39 ../Libraries/STM32F4-Discovery/src/stm32f4_discovery_lis302dl.o
 .ARM.attributes
                0x00000603       0x1e c:/program files (x86)/gnu tools arm embedded/4.6 2012q4/bin/../lib/gcc/arm-none-eabi/4.6.2/armv7e-m\libgcc.a(_arm_addsubdf3.o)
 .ARM.attributes
                0x00000621       0x1e c:/program files (x86)/gnu tools arm embedded/4.6 2012q4/bin/../lib/gcc/arm-none-eabi/4.6.2/armv7e-m\libgcc.a(_arm_cmpdf2.o)
 .ARM.attributes
                0x0000063f       0x2e c:/program files (x86)/gnu tools arm embedded/4.6 2012q4/bin/../lib/gcc/arm-none-eabi/4.6.2/../../../../arm-none-eabi/lib/armv7e-m\libg.a(lib_a-memcpy.o)
 .ARM.attributes
                0x0000066d       0x2e c:/program files (x86)/gnu tools arm embedded/4.6 2012q4/bin/../lib/gcc/arm-none-eabi/4.6.2/../../../../arm-none-eabi/lib/armv7e-m\libg.a(lib_a-memmove.o)

.debug_frame    0x00000000     0x194c
 .debug_frame   0x00000000      0x1c0 main.o
 .debug_frame   0x000001c0       0x88 startup.o
 .debug_frame   0x00000248       0x34 ../Libraries/CMSIS/ST/STM32F4xx/Source/Templates/system_stm32f4xx.o
 .debug_frame   0x0000027c       0x68 ../Libraries/STM32F4xx_StdPeriph_Driver/src/misc.o
 .debug_frame   0x000002e4      0x2e4 ../Libraries/STM32F4xx_StdPeriph_Driver/src/stm32f4xx_rcc.o
 .debug_frame   0x000005c8      0x118 ../Libraries/STM32F4xx_StdPeriph_Driver/src/stm32f4xx_gpio.o
 .debug_frame   0x000006e0      0x160 ../Libraries/STM32F4xx_StdPeriph_Driver/src/stm32f4xx_fsmc.o
 .debug_frame   0x00000840      0x108 ../Libraries/STM32F4xx_StdPeriph_Driver/src/stm32f4xx_dcmi.o
 .debug_frame   0x00000948      0x240 ../Libraries/STM32F4xx_StdPeriph_Driver/src/stm32f4xx_i2c.o
 .debug_frame   0x00000b88      0x168 ../Libraries/STM32F4xx_StdPeriph_Driver/src/stm32f4xx_dma.o
 .debug_frame   0x00000cf0       0x70 ../Libraries/STM32F4xx_StdPeriph_Driver/src/stm32f4xx_iwdg.o
 .debug_frame   0x00000d60      0x1cc ../Libraries/STM32F4xx_StdPeriph_Driver/src/stm32f4xx_spi.o
 .debug_frame   0x00000f2c      0x454 ../Libraries/STM32F4-Discovery/src/stm32f4_discovery_lcd.o
 .debug_frame   0x00001380      0x164 ../Libraries/STM32F4-Discovery/src/dcmi_ov9655.o
 .debug_frame   0x000014e4      0x2b4 ../Libraries/STM32F4-Discovery/src/stmpe811qtr.o
 .debug_frame   0x00001798      0x15c ../Libraries/STM32F4-Discovery/src/stm32f4_discovery_lis302dl.o
 .debug_frame   0x000018f4       0x2c c:/program files (x86)/gnu tools arm embedded/4.6 2012q4/bin/../lib/gcc/arm-none-eabi/4.6.2/../../../../arm-none-eabi/lib/armv7e-m\libg.a(lib_a-memcpy.o)
 .debug_frame   0x00001920       0x2c c:/program files (x86)/gnu tools arm embedded/4.6 2012q4/bin/../lib/gcc/arm-none-eabi/4.6.2/../../../../arm-none-eabi/lib/armv7e-m\libg.a(lib_a-memmove.o)
